Analysis & Synthesis report for Interpolation
Tue Feb 26 16:36:49 2019
Quartus Prime Version 18.0.0 Build 614 04/24/2018 SJ Lite Edition


---------------------
; Table of Contents ;
---------------------
  1. Legal Notice
  2. Analysis & Synthesis Summary
  3. Analysis & Synthesis Settings
  4. Parallel Compilation
  5. Analysis & Synthesis Source Files Read
  6. Analysis & Synthesis Resource Usage Summary
  7. Analysis & Synthesis Resource Utilization by Entity
  8. Analysis & Synthesis DSP Block Usage Summary
  9. State Machine - |Interpolation|Reg.State
 10. Registers Removed During Synthesis
 11. General Register Statistics
 12. Multiplexer Restructuring Statistics (Restructuring Performed)
 13. Parameter Settings for User Entity Instance: Top-level Entity: |Interpolation
 14. Post-Synthesis Netlist Statistics for Top Partition
 15. Elapsed Time Per Partition
 16. Analysis & Synthesis Messages



----------------
; Legal Notice ;
----------------
Copyright (C) 2018  Intel Corporation. All rights reserved.
Your use of Intel Corporation's design tools, logic functions 
and other software and tools, and its AMPP partner logic 
functions, and any output files from any of the foregoing 
(including device programming or simulation files), and any 
associated documentation or information are expressly subject 
to the terms and conditions of the Intel Program License 
Subscription Agreement, the Intel Quartus Prime License Agreement,
the Intel FPGA IP License Agreement, or other applicable license
agreement, including, without limitation, that your use is for
the sole purpose of programming logic devices manufactured by
Intel and sold by Intel or its authorized distributors.  Please
refer to the applicable agreement for further details.



+-------------------------------------------------------------------------------+
; Analysis & Synthesis Summary                                                  ;
+---------------------------------+---------------------------------------------+
; Analysis & Synthesis Status     ; Successful - Tue Feb 26 16:36:49 2019       ;
; Quartus Prime Version           ; 18.0.0 Build 614 04/24/2018 SJ Lite Edition ;
; Revision Name                   ; Interpolation                               ;
; Top-level Entity Name           ; Interpolation                               ;
; Family                          ; Cyclone V                                   ;
; Logic utilization (in ALMs)     ; N/A                                         ;
; Total registers                 ; 156                                         ;
; Total pins                      ; 53                                          ;
; Total virtual pins              ; 0                                           ;
; Total block memory bits         ; 0                                           ;
; Total DSP Blocks                ; 3                                           ;
; Total HSSI RX PCSs              ; 0                                           ;
; Total HSSI PMA RX Deserializers ; 0                                           ;
; Total HSSI TX PCSs              ; 0                                           ;
; Total HSSI PMA TX Serializers   ; 0                                           ;
; Total PLLs                      ; 0                                           ;
; Total DLLs                      ; 0                                           ;
+---------------------------------+---------------------------------------------+


+---------------------------------------------------------------------------------------------------------------------------+
; Analysis & Synthesis Settings                                                                                             ;
+---------------------------------------------------------------------------------+--------------------+--------------------+
; Option                                                                          ; Setting            ; Default Value      ;
+---------------------------------------------------------------------------------+--------------------+--------------------+
; Device                                                                          ; 5CSXFC6D6F31C6     ;                    ;
; Top-level entity name                                                           ; Interpolation      ; Interpolation      ;
; Family name                                                                     ; Cyclone V          ; Cyclone V          ;
; Use smart compilation                                                           ; Off                ; Off                ;
; Enable parallel Assembler and Timing Analyzer during compilation                ; On                 ; On                 ;
; Enable compact report table                                                     ; Off                ; Off                ;
; Restructure Multiplexers                                                        ; Auto               ; Auto               ;
; MLAB Add Timing Constraints For Mixed-Port Feed-Through Mode Setting Don't Care ; Off                ; Off                ;
; Create Debugging Nodes for IP Cores                                             ; Off                ; Off                ;
; Preserve fewer node names                                                       ; On                 ; On                 ;
; Intel FPGA IP Evaluation Mode                                                   ; Enable             ; Enable             ;
; Verilog Version                                                                 ; Verilog_2001       ; Verilog_2001       ;
; VHDL Version                                                                    ; VHDL_1993          ; VHDL_1993          ;
; State Machine Processing                                                        ; Auto               ; Auto               ;
; Safe State Machine                                                              ; Off                ; Off                ;
; Extract Verilog State Machines                                                  ; On                 ; On                 ;
; Extract VHDL State Machines                                                     ; On                 ; On                 ;
; Ignore Verilog initial constructs                                               ; Off                ; Off                ;
; Iteration limit for constant Verilog loops                                      ; 5000               ; 5000               ;
; Iteration limit for non-constant Verilog loops                                  ; 250                ; 250                ;
; Add Pass-Through Logic to Inferred RAMs                                         ; On                 ; On                 ;
; Infer RAMs from Raw Logic                                                       ; On                 ; On                 ;
; Parallel Synthesis                                                              ; On                 ; On                 ;
; DSP Block Balancing                                                             ; Auto               ; Auto               ;
; NOT Gate Push-Back                                                              ; On                 ; On                 ;
; Power-Up Don't Care                                                             ; On                 ; On                 ;
; Remove Redundant Logic Cells                                                    ; Off                ; Off                ;
; Remove Duplicate Registers                                                      ; On                 ; On                 ;
; Ignore CARRY Buffers                                                            ; Off                ; Off                ;
; Ignore CASCADE Buffers                                                          ; Off                ; Off                ;
; Ignore GLOBAL Buffers                                                           ; Off                ; Off                ;
; Ignore ROW GLOBAL Buffers                                                       ; Off                ; Off                ;
; Ignore LCELL Buffers                                                            ; Off                ; Off                ;
; Ignore SOFT Buffers                                                             ; On                 ; On                 ;
; Limit AHDL Integers to 32 Bits                                                  ; Off                ; Off                ;
; Optimization Technique                                                          ; Balanced           ; Balanced           ;
; Carry Chain Length                                                              ; 70                 ; 70                 ;
; Auto Carry Chains                                                               ; On                 ; On                 ;
; Auto Open-Drain Pins                                                            ; On                 ; On                 ;
; Perform WYSIWYG Primitive Resynthesis                                           ; Off                ; Off                ;
; Auto ROM Replacement                                                            ; On                 ; On                 ;
; Auto RAM Replacement                                                            ; On                 ; On                 ;
; Auto DSP Block Replacement                                                      ; On                 ; On                 ;
; Auto Shift Register Replacement                                                 ; Auto               ; Auto               ;
; Allow Shift Register Merging across Hierarchies                                 ; Auto               ; Auto               ;
; Auto Clock Enable Replacement                                                   ; On                 ; On                 ;
; Strict RAM Replacement                                                          ; Off                ; Off                ;
; Allow Synchronous Control Signals                                               ; On                 ; On                 ;
; Force Use of Synchronous Clear Signals                                          ; Off                ; Off                ;
; Auto Resource Sharing                                                           ; Off                ; Off                ;
; Allow Any RAM Size For Recognition                                              ; Off                ; Off                ;
; Allow Any ROM Size For Recognition                                              ; Off                ; Off                ;
; Allow Any Shift Register Size For Recognition                                   ; Off                ; Off                ;
; Use LogicLock Constraints during Resource Balancing                             ; On                 ; On                 ;
; Ignore translate_off and synthesis_off directives                               ; Off                ; Off                ;
; Timing-Driven Synthesis                                                         ; On                 ; On                 ;
; Report Parameter Settings                                                       ; On                 ; On                 ;
; Report Source Assignments                                                       ; On                 ; On                 ;
; Report Connectivity Checks                                                      ; On                 ; On                 ;
; Ignore Maximum Fan-Out Assignments                                              ; Off                ; Off                ;
; Synchronization Register Chain Length                                           ; 3                  ; 3                  ;
; Power Optimization During Synthesis                                             ; Normal compilation ; Normal compilation ;
; HDL message level                                                               ; Level2             ; Level2             ;
; Suppress Register Optimization Related Messages                                 ; Off                ; Off                ;
; Number of Removed Registers Reported in Synthesis Report                        ; 5000               ; 5000               ;
; Number of Swept Nodes Reported in Synthesis Report                              ; 5000               ; 5000               ;
; Number of Inverted Registers Reported in Synthesis Report                       ; 100                ; 100                ;
; Clock MUX Protection                                                            ; On                 ; On                 ;
; Auto Gated Clock Conversion                                                     ; Off                ; Off                ;
; Block Design Naming                                                             ; Auto               ; Auto               ;
; SDC constraint protection                                                       ; Off                ; Off                ;
; Synthesis Effort                                                                ; Auto               ; Auto               ;
; Shift Register Replacement - Allow Asynchronous Clear Signal                    ; On                 ; On                 ;
; Pre-Mapping Resynthesis Optimization                                            ; Off                ; Off                ;
; Analysis & Synthesis Message Level                                              ; Medium             ; Medium             ;
; Disable Register Merging Across Hierarchies                                     ; Auto               ; Auto               ;
; Resource Aware Inference For Block RAM                                          ; On                 ; On                 ;
; Automatic Parallel Synthesis                                                    ; On                 ; On                 ;
; Partial Reconfiguration Bitstream ID                                            ; Off                ; Off                ;
+---------------------------------------------------------------------------------+--------------------+--------------------+


+------------------------------------------+
; Parallel Compilation                     ;
+----------------------------+-------------+
; Processors                 ; Number      ;
+----------------------------+-------------+
; Number detected on machine ; 8           ;
; Maximum allowed            ; 4           ;
;                            ;             ;
; Average used               ; 1.00        ;
; Maximum used               ; 4           ;
;                            ;             ;
; Usage by Processor         ; % Time Used ;
;     Processor 1            ; 100.0%      ;
;     Processors 2-4         ;   0.0%      ;
+----------------------------+-------------+


+----------------------------------------------------------------------------------------------------------------------------------------------------------+
; Analysis & Synthesis Source Files Read                                                                                                                   ;
+----------------------------------+-----------------+-----------------+-------------------------------------------------------------------------+---------+
; File Name with User-Entered Path ; Used in Netlist ; File Type       ; File Name with Absolute Path                                            ; Library ;
+----------------------------------+-----------------+-----------------+-------------------------------------------------------------------------+---------+
; ../src/Upsampling-p.vhd          ; yes             ; User VHDL File  ; C:/OSP/ofdm_rx_vhdl/src/grpRx/unitInterpolation/src/Upsampling-p.vhd    ;         ;
; ../src/interpolation-e.vhd       ; yes             ; User VHDL File  ; C:/OSP/ofdm_rx_vhdl/src/grpRx/unitInterpolation/src/interpolation-e.vhd ;         ;
; ../src/interpolation-a.vhd       ; yes             ; User VHDL File  ; C:/OSP/ofdm_rx_vhdl/src/grpRx/unitInterpolation/src/interpolation-a.vhd ;         ;
+----------------------------------+-----------------+-----------------+-------------------------------------------------------------------------+---------+


+----------------------------------------------------------------+
; Analysis & Synthesis Resource Usage Summary                    ;
+---------------------------------------------+------------------+
; Resource                                    ; Usage            ;
+---------------------------------------------+------------------+
; Estimate of Logic utilization (ALMs needed) ; 94               ;
;                                             ;                  ;
; Combinational ALUT usage for logic          ; 151              ;
;     -- 7 input functions                    ; 0                ;
;     -- 6 input functions                    ; 4                ;
;     -- 5 input functions                    ; 3                ;
;     -- 4 input functions                    ; 7                ;
;     -- <=3 input functions                  ; 137              ;
;                                             ;                  ;
; Dedicated logic registers                   ; 156              ;
;                                             ;                  ;
; I/O pins                                    ; 53               ;
;                                             ;                  ;
; Total DSP Blocks                            ; 3                ;
;                                             ;                  ;
; Maximum fan-out node                        ; sys_init_i~input ;
; Maximum fan-out                             ; 162              ;
; Total fan-out                               ; 1331             ;
; Average fan-out                             ; 3.20             ;
+---------------------------------------------+------------------+


+------------------------------------------------------------------------------------------------------------------------------------------------------------------------------------------+
; Analysis & Synthesis Resource Utilization by Entity                                                                                                                                      ;
+----------------------------+---------------------+---------------------------+-------------------+------------+------+--------------+---------------------+---------------+--------------+
; Compilation Hierarchy Node ; Combinational ALUTs ; Dedicated Logic Registers ; Block Memory Bits ; DSP Blocks ; Pins ; Virtual Pins ; Full Hierarchy Name ; Entity Name   ; Library Name ;
+----------------------------+---------------------+---------------------------+-------------------+------------+------+--------------+---------------------+---------------+--------------+
; |Interpolation             ; 151 (151)           ; 156 (156)                 ; 0                 ; 3          ; 53   ; 0            ; |Interpolation      ; Interpolation ; work         ;
+----------------------------+---------------------+---------------------------+-------------------+------------+------+--------------+---------------------+---------------+--------------+
Note: For table entries with two numbers listed, the numbers in parentheses indicate the number of resources of the given type used by the specific entity alone. The numbers listed outside of parentheses indicate the total resources of the given type used by the specific entity and all of its sub-entities in the hierarchy.


+-------------------------------------------------+
; Analysis & Synthesis DSP Block Usage Summary    ;
+-----------------------------------+-------------+
; Statistic                         ; Number Used ;
+-----------------------------------+-------------+
; Independent 9x9                   ; 1           ;
; Sum of two 18x18                  ; 2           ;
; Total number of DSP blocks        ; 3           ;
;                                   ;             ;
; Fixed Point Unsigned Multiplier   ; 1           ;
; Fixed Point Mixed Sign Multiplier ; 4           ;
+-----------------------------------+-------------+


Encoding Type:  One-Hot
+--------------------------------------------------------------------------------------------------------------------------------------------------------+
; State Machine - |Interpolation|Reg.State                                                                                                               ;
+-----------------------+----------------+----------------------+-----------------------+-----------------------+-----------------------+----------------+
; Name                  ; Reg.State.Done ; Reg.State.UpSampling ; Reg.State.CalcDerived ; Reg.State.WaitSample3 ; Reg.State.WaitSample2 ; Reg.State.Init ;
+-----------------------+----------------+----------------------+-----------------------+-----------------------+-----------------------+----------------+
; Reg.State.Init        ; 0              ; 0                    ; 0                     ; 0                     ; 0                     ; 0              ;
; Reg.State.WaitSample2 ; 0              ; 0                    ; 0                     ; 0                     ; 1                     ; 1              ;
; Reg.State.WaitSample3 ; 0              ; 0                    ; 0                     ; 1                     ; 0                     ; 1              ;
; Reg.State.CalcDerived ; 0              ; 0                    ; 1                     ; 0                     ; 0                     ; 1              ;
; Reg.State.UpSampling  ; 0              ; 1                    ; 0                     ; 0                     ; 0                     ; 1              ;
; Reg.State.Done        ; 1              ; 0                    ; 0                     ; 0                     ; 0                     ; 1              ;
+-----------------------+----------------+----------------------+-----------------------+-----------------------+-----------------------+----------------+


+----------------------------------------------------------------------------+
; Registers Removed During Synthesis                                         ;
+-----------------------------------------+----------------------------------+
; Register name                           ; Reason for Removal               ;
+-----------------------------------------+----------------------------------+
; Reg.Derives.Q_i[16..31]                 ; Lost fanout                      ;
; Reg.Derives.Q_ii[17..28]                ; Lost fanout                      ;
; Reg.Derives.I_i[16..31]                 ; Lost fanout                      ;
; Reg.Derives.I_ii[17..28]                ; Lost fanout                      ;
; Reg.Derives.I[12..15]                   ; Merged with Reg.Derives.I[11]    ;
; Reg.Derives.Q[12..15]                   ; Merged with Reg.Derives.Q[11]    ;
; Reg.Derives.Q_ii[1]                     ; Merged with Reg.Derives.I_ii[1]  ;
; Reg.Derives.Q_ii[2]                     ; Merged with Reg.Derives.I_ii[2]  ;
; Reg.Derives.Q_ii[3]                     ; Merged with Reg.Derives.I_ii[3]  ;
; Reg.Derives.Q_ii[4]                     ; Merged with Reg.Derives.I_ii[4]  ;
; Reg.Derives.Q_ii[5]                     ; Merged with Reg.Derives.I_ii[5]  ;
; Reg.Derives.Q_ii[6]                     ; Merged with Reg.Derives.I_ii[6]  ;
; Reg.Derives.I_ii[7..9,11..16]           ; Merged with Reg.Derives.I_ii[10] ;
; Reg.Derives.Q_ii[7..16]                 ; Merged with Reg.Derives.I_ii[10] ;
; Reg.Derives.I_i[8,9,11..15]             ; Merged with Reg.Derives.I_i[10]  ;
; Reg.Derives.Q_i[8,9,11..15]             ; Merged with Reg.Derives.Q_i[10]  ;
; Total Number of Removed Registers = 103 ;                                  ;
+-----------------------------------------+----------------------------------+


+------------------------------------------------------+
; General Register Statistics                          ;
+----------------------------------------------+-------+
; Statistic                                    ; Value ;
+----------------------------------------------+-------+
; Total registers                              ; 156   ;
; Number of registers using Synchronous Clear  ; 151   ;
; Number of registers using Synchronous Load   ; 0     ;
; Number of registers using Asynchronous Clear ; 156   ;
; Number of registers using Asynchronous Load  ; 0     ;
; Number of registers using Clock Enable       ; 147   ;
; Number of registers using Preset             ; 0     ;
+----------------------------------------------+-------+


+------------------------------------------------------------------------------------------------------------------------------------------------+
; Multiplexer Restructuring Statistics (Restructuring Performed)                                                                                 ;
+--------------------+-----------+---------------+----------------------+------------------------+------------+----------------------------------+
; Multiplexer Inputs ; Bus Width ; Baseline Area ; Area if Restructured ; Saving if Restructured ; Registered ; Example Multiplexer Output       ;
+--------------------+-----------+---------------+----------------------+------------------------+------------+----------------------------------+
; 3:1                ; 49 bits   ; 98 LEs        ; 0 LEs                ; 98 LEs                 ; Yes        ; |Interpolation|Reg.Derives.I[8]  ;
; 3:1                ; 24 bits   ; 48 LEs        ; 0 LEs                ; 48 LEs                 ; Yes        ; |Interpolation|Reg.Result.I[1]   ;
; 4:1                ; 24 bits   ; 48 LEs        ; 0 LEs                ; 48 LEs                 ; Yes        ; |Interpolation|Reg.Data.x1.I[11] ;
; 4:1                ; 24 bits   ; 48 LEs        ; 0 LEs                ; 48 LEs                 ; Yes        ; |Interpolation|Reg.Data.x0.Q[2]  ;
; 4:1                ; 24 bits   ; 48 LEs        ; 0 LEs                ; 48 LEs                 ; Yes        ; |Interpolation|Reg.Data.x2.Q[1]  ;
; 6:1                ; 3 bits    ; 12 LEs        ; 9 LEs                ; 3 LEs                  ; No         ; |Interpolation|Reg               ;
+--------------------+-----------+---------------+----------------------+------------------------+------------+----------------------------------+


+-------------------------------------------------------------------------------+
; Parameter Settings for User Entity Instance: Top-level Entity: |Interpolation ;
+--------------------+-------+--------------------------------------------------+
; Parameter Name     ; Value ; Type                                             ;
+--------------------+-------+--------------------------------------------------+
; symbol_length_g    ; 160   ; Signed Integer                                   ;
; sample_bit_width_g ; 12    ; Signed Integer                                   ;
; osr_g              ; 4     ; Signed Integer                                   ;
+--------------------+-------+--------------------------------------------------+
Note: In order to hide this table in the UI and the text report file, please set the "Show Parameter Settings in Synthesis Report" option in "Analysis and Synthesis Settings -> More Settings" to "Off".


+-----------------------------------------------------+
; Post-Synthesis Netlist Statistics for Top Partition ;
+-----------------------+-----------------------------+
; Type                  ; Count                       ;
+-----------------------+-----------------------------+
; arriav_ff             ; 156                         ;
;     CLR               ; 3                           ;
;     CLR SCLR          ; 6                           ;
;     ENA CLR           ; 2                           ;
;     ENA CLR SCLR      ; 145                         ;
; arriav_lcell_comb     ; 151                         ;
;     arith             ; 76                          ;
;         1 data inputs ; 26                          ;
;         2 data inputs ; 50                          ;
;     normal            ; 22                          ;
;         2 data inputs ; 6                           ;
;         3 data inputs ; 2                           ;
;         4 data inputs ; 7                           ;
;         5 data inputs ; 3                           ;
;         6 data inputs ; 4                           ;
;     shared            ; 53                          ;
;         2 data inputs ; 53                          ;
; arriav_mac            ; 3                           ;
; boundary_port         ; 53                          ;
;                       ;                             ;
; Max LUT depth         ; 5.90                        ;
; Average LUT depth     ; 2.71                        ;
+-----------------------+-----------------------------+


+-------------------------------+
; Elapsed Time Per Partition    ;
+----------------+--------------+
; Partition Name ; Elapsed Time ;
+----------------+--------------+
; Top            ; 00:00:01     ;
+----------------+--------------+


+-------------------------------+
; Analysis & Synthesis Messages ;
+-------------------------------+
Info: *******************************************************************
Info: Running Quartus Prime Analysis & Synthesis
    Info: Version 18.0.0 Build 614 04/24/2018 SJ Lite Edition
    Info: Processing started: Tue Feb 26 16:36:35 2019
Info: Command: quartus_map --read_settings_files=on --write_settings_files=off Interpolation -c Interpolation
Warning (18236): Number of processors has not been specified which may cause overloading on shared machines.  Set the global assignment NUM_PARALLEL_PROCESSORS in your QSF to an appropriate value for best performance.
Info (20030): Parallel compilation is enabled and will use 4 of the 4 processors detected
Info (12021): Found 2 design units, including 0 entities, in source file /osp/ofdm_rx_vhdl/src/grprx/unitinterpolation/src/upsampling-p.vhd
    Info (12022): Found design unit 1: UpSampling File: C:/OSP/ofdm_rx_vhdl/src/grpRx/unitInterpolation/src/Upsampling-p.vhd Line: 7
    Info (12022): Found design unit 2: UpSampling-body File: C:/OSP/ofdm_rx_vhdl/src/grpRx/unitInterpolation/src/Upsampling-p.vhd Line: 20
Info (12021): Found 1 design units, including 1 entities, in source file /osp/ofdm_rx_vhdl/src/grprx/unitinterpolation/src/interpolation-e.vhd
    Info (12023): Found entity 1: Interpolation File: C:/OSP/ofdm_rx_vhdl/src/grpRx/unitInterpolation/src/interpolation-e.vhd Line: 7
Info (12021): Found 1 design units, including 0 entities, in source file /osp/ofdm_rx_vhdl/src/grprx/unitinterpolation/src/interpolation-a.vhd
    Info (12022): Found design unit 1: Interpolation-Rtl File: C:/OSP/ofdm_rx_vhdl/src/grpRx/unitInterpolation/src/interpolation-a.vhd Line: 4
Info (12127): Elaborating entity "Interpolation" for the top level hierarchy
Info (286030): Timing-Driven Synthesis is running
Info (17049): 56 registers lost all their fanouts during netlist optimizations.
Info (16010): Generating hard_block partition "hard_block:auto_generated_inst"
    Info (16011): Adding 0 node(s), including 0 DDIO, 0 PLL, 0 transceiver and 0 LCELL
Info (21057): Implemented 303 device resources after synthesis - the final resource count might be different
    Info (21058): Implemented 28 input pins
    Info (21059): Implemented 25 output pins
    Info (21061): Implemented 247 logic cells
    Info (21062): Implemented 3 DSP elements
Info: Quartus Prime Analysis & Synthesis was successful. 0 errors, 1 warning
    Info: Peak virtual memory: 4877 megabytes
    Info: Processing ended: Tue Feb 26 16:36:49 2019
    Info: Elapsed time: 00:00:14
    Info: Total CPU time (on all processors): 00:00:29


